exports[`<Submit/> should render a submit button 1`] = `
<button
  className="form-submit-button"
  type="submit">
  foo
</button>
`;
